// Jest Snapshot v1, https://goo.gl/fbAQLP

exports[`Figma backend: nested auto-layout frame maps padding/gap/justify/align onto Figma auto-layout fields 1`] = `
Object {
  "componentSets": Object {},
  "components": Object {},
  "document": Object {
    "children": Array [
      Object {
        "backgroundColor": Object {
          "a": 1,
          "b": 1,
          "g": 1,
          "r": 1,
        },
        "children": Array [
          Object {
            "absoluteBoundingBox": Object {
              "height": 176,
              "width": 164,
              "x": 0,
              "y": 0,
            },
            "absoluteRenderBounds": Object {
              "height": 176,
              "width": 164,
              "x": 0,
              "y": 0,
            },
            "backgrounds": Array [
              Object {
                "blendMode": "NORMAL",
                "color": Object {
                  "a": 1,
                  "b": 1,
                  "g": 1,
                  "r": 1,
                },
                "type": "SOLID",
              },
            ],
            "blendMode": "PASS_THROUGH",
            "children": Array [
              Object {
                "absoluteBoundingBox": Object {
                  "height": 40,
                  "width": 100,
                  "x": 32,
                  "y": 32,
                },
                "absoluteRenderBounds": Object {
                  "height": 40,
                  "width": 100,
                  "x": 32,
                  "y": 32,
                },
                "blendMode": "PASS_THROUGH",
                "constraints": Object {
                  "horizontal": "LEFT",
                  "vertical": "TOP",
                },
                "cornerRadius": 0,
                "effects": Array [],
                "exportSettings": Array [],
                "fillGeometry": Array [
                  Object {
                    "path": "M0 0L100 0L100 40L0 40L0 0Z",
                    "windingRule": "NONZERO",
                  },
                ],
                "fills": Array [],
                "id": "1:3",
                "name": "Frame 8",
                "relativeTransform": Array [
                  Array [
                    1,
                    0,
                    32,
                  ],
                  Array [
                    0,
                    1,
                    32,
                  ],
                ],
                "scrollBehavior": "SCROLLS",
                "size": Object {
                  "x": 100,
                  "y": 40,
                },
                "strokeAlign": "INSIDE",
                "strokeGeometry": Array [],
                "strokeWeight": 1,
                "strokes": Array [],
                "type": "RECTANGLE",
              },
              Object {
                "absoluteBoundingBox": Object {
                  "height": 40,
                  "width": 100,
                  "x": 32,
                  "y": 72,
                },
                "absoluteRenderBounds": Object {
                  "height": 40,
                  "width": 100,
                  "x": 32,
                  "y": 72,
                },
                "blendMode": "PASS_THROUGH",
                "constraints": Object {
                  "horizontal": "LEFT",
                  "vertical": "TOP",
                },
                "cornerRadius": 0,
                "effects": Array [],
                "exportSettings": Array [],
                "fillGeometry": Array [
                  Object {
                    "path": "M0 0L100 0L100 40L0 40L0 0Z",
                    "windingRule": "NONZERO",
                  },
                ],
                "fills": Array [],
                "id": "1:4",
                "name": "Frame 9",
                "relativeTransform": Array [
                  Array [
                    1,
                    0,
                    32,
                  ],
                  Array [
                    0,
                    1,
                    72,
                  ],
                ],
                "scrollBehavior": "SCROLLS",
                "size": Object {
                  "x": 100,
                  "y": 40,
                },
                "strokeAlign": "INSIDE",
                "strokeGeometry": Array [],
                "strokeWeight": 1,
                "strokes": Array [],
                "type": "RECTANGLE",
              },
            ],
            "clipsContent": false,
            "constraints": Object {
              "horizontal": "LEFT",
              "vertical": "TOP",
            },
            "cornerRadius": 0,
            "counterAxisAlignItems": "CENTER",
            "effects": Array [],
            "exportSettings": Array [],
            "fillGeometry": Array [],
            "fills": Array [
              Object {
                "blendMode": "NORMAL",
                "color": Object {
                  "a": 1,
                  "b": 1,
                  "g": 1,
                  "r": 1,
                },
                "type": "SOLID",
              },
            ],
            "id": "1:2",
            "itemSpacing": 64,
            "layoutMode": "VERTICAL",
            "layoutSizingHorizontal": "HUG",
            "layoutSizingVertical": "HUG",
            "name": "Tooltip",
            "paddingBottom": 64,
            "paddingLeft": 32,
            "paddingRight": 32,
            "paddingTop": 32,
            "primaryAxisAlignItems": "MIN",
            "relativeTransform": Array [
              Array [
                1,
                0,
                0,
              ],
              Array [
                0,
                1,
                0,
              ],
            ],
            "scrollBehavior": "SCROLLS",
            "size": Object {
              "x": 164,
              "y": 176,
            },
            "strokeAlign": "INSIDE",
            "strokeGeometry": Array [],
            "strokeWeight": 1,
            "strokes": Array [],
            "type": "FRAME",
          },
        ],
        "exportSettings": Array [],
        "flowStartingPoints": Array [],
        "id": "0:1",
        "name": "Page 1",
        "prototypeDevice": Object {
          "rotation": "NONE",
          "type": "NONE",
        },
        "prototypeStartNodeID": null,
        "scrollBehavior": "SCROLLS",
        "type": "CANVAS",
      },
    ],
    "id": "0:0",
    "name": "Document",
    "scrollBehavior": "SCROLLS",
    "type": "DOCUMENT",
  },
  "editorType": "figma",
  "lastModified": "2024-06-14T13:14:19Z",
  "linkAccess": "inherit",
  "name": "New File 1",
  "role": "owner",
  "schemaVersion": 0,
  "styles": Object {},
  "version": "0",
}
`;
